---------------------------------------
        van der Pol 1928 model
---------------------------------------
 - CVODE:
    - Constants:
       - main/epsilon = [ 1.000000, 1.000000, 1.000000, ..., 1.000000, 1.000000, 1.000000 ]
    - States:
       - main/x = [ -2.000000, -1.508144, -0.323318, ..., 0.595595, -1.641302, -1.836464 ]
       - main/y = [ 0.000000, 0.780218, 1.832970, ..., -1.545793, -1.774044, 0.543616 ]
    - Rates:
       - main/x/prime = [ 0.000000, 0.780218, 1.832970, ..., -1.545793, -1.774044, 0.543616 ]
       - main/y/prime = [ 2.000000, 0.513757, 1.964679, ..., -1.593043, 4.646309, 0.546680 ]
    - Algebraic: empty
 - Euler (forward):
    - Constants:
       - main/epsilon = [ 1.000000, 1.000000, 1.000000, ..., 1.000000, 1.000000, 1.000000 ]
    - States:
       - main/x = [ -2.000000, -1.509668, -0.334108, ..., 1.426137, 0.129998, -1.966546 ]
       - main/y = [ 0.000000, 0.780900, 1.820069, ..., -0.841386, -2.039846, -0.608549 ]
    - Rates:
       - main/x/prime = [ 0.000000, 0.780900, 1.820069, ..., -0.841386, -2.039846, -0.608549 ]
       - main/y/prime = [ 2.000000, 0.510820, 1.951006, ..., -0.556256, -2.135371, 3.711440 ]
    - Algebraic: empty
 - Heun:
    - Constants:
       - main/epsilon = [ 1.000000, 1.000000, 1.000000, ..., 1.000000, 1.000000, 1.000000 ]
    - States:
       - main/x = [ -2.000000, -1.508139, -0.323342, ..., 0.555160, -1.685548, -1.822168 ]
       - main/y = [ 0.000000, 0.780212, 1.832942, ..., -1.587684, -1.652712, 0.557470 ]
    - Rates:
       - main/x/prime = [ 0.000000, 0.780212, 1.832942, ..., -1.587684, -1.652712, 0.557470 ]
       - main/y/prime = [ 2.000000, 0.513773, 1.964650, ..., -1.653516, 4.728309, 0.528674 ]
    - Algebraic: empty
 - Runge-Kutta (2nd order):
    - Constants:
       - main/epsilon = [ 1.000000, 1.000000, 1.000000, ..., 1.000000, 1.000000, 1.000000 ]
    - States:
       - main/x = [ -2.000000, -1.508146, -0.323374, ..., 0.555088, -1.685703, -1.822142 ]
       - main/y = [ 0.000000, 0.780200, 1.832906, ..., -1.587750, -1.652469, 0.557509 ]
    - Rates:
       - main/x/prime = [ 0.000000, 0.780200, 1.832906, ..., -1.587750, -1.652469, 0.557509 ]
       - main/y/prime = [ 2.000000, 0.513778, 1.964611, ..., -1.653616, 4.728879, 0.528609 ]
    - Algebraic: empty
 - Runge-Kutta (4th order):
    - Constants:
       - main/epsilon = [ 1.000000, 1.000000, 1.000000, ..., 1.000000, 1.000000, 1.000000 ]
    - States:
       - main/x = [ -2.000000, -1.507624, -0.319658, ..., -1.550607, -0.419230, 1.800192 ]
       - main/y = [ 0.000000, 0.779994, 1.837333, ..., 0.752311, 1.730989, 1.260392 ]
    - Rates:
       - main/x/prime = [ 0.000000, 0.779994, 1.837333, ..., 0.752311, 1.730989, 1.260392 ]
       - main/y/prime = [ 2.000000, 0.514746, 1.969250, ..., 0.494074, 1.845991, -4.624338 ]
    - Algebraic: empty
