---------------------------------------
       Hodgkin-Huxley 1952 model
---------------------------------------
 - CVODE:
    - Constants:
       - membrane/E_R = [ 0.000000, 0.000000, 0.000000, ..., 0.000000, 0.000000, 0.000000 ]
       - membrane/Cm = [ 1.000000, 1.000000, 1.000000, ..., 1.000000, 1.000000, 1.000000 ]
       - sodium_channel/g_Na = [ 120.000000, 120.000000, 120.000000, ..., 120.000000, 120.000000, 120.000000 ]
       - potassium_channel/g_K = [ 36.000000, 36.000000, 36.000000, ..., 36.000000, 36.000000, 36.000000 ]
       - leakage_current/g_L = [ 0.300000, 0.300000, 0.300000, ..., 0.300000, 0.300000, 0.300000 ]
       - sodium_channel/E_Na = [ -115.000000, -115.000000, -115.000000, ..., -115.000000, -115.000000, -115.000000 ]
       - potassium_channel/E_K = [ 12.000000, 12.000000, 12.000000, ..., 12.000000, 12.000000, 12.000000 ]
       - leakage_current/E_L = [ -10.613000, -10.613000, -10.613000, ..., -10.613000, -10.613000, -10.613000 ]
    - States:
       - membrane/V = [ 0.000000, 0.323828, 0.443627, ..., -0.003621, -0.003621, -0.003621 ]
       - sodium_channel/sodium_channel_m_gate/m = [ 0.050000, 0.051237, 0.050344, ..., 0.052955, 0.052955, 0.052955 ]
       - sodium_channel/sodium_channel_h_gate/h = [ 0.600000, 0.600320, 0.601379, ..., 0.595994, 0.595994, 0.595994 ]
       - potassium_channel/potassium_channel_n_gate/n = [ 0.325000, 0.323275, 0.321330, ..., 0.317732, 0.317732, 0.317732 ]
    - Rates:
       - membrane/V/prime = [ 0.600769, 0.192366, 0.055336, ..., -0.000000, -0.000000, -0.000000 ]
       - sodium_channel/sodium_channel_m_gate/m/prime = [ 0.012386, -0.001248, -0.000501, ..., 0.000000, 0.000000, 0.000000 ]
       - sodium_channel/sodium_channel_h_gate/h/prime = [ -0.000456, 0.000829, 0.001190, ..., -0.000000, -0.000000, -0.000000 ]
       - potassium_channel/potassium_channel_n_gate/n/prime = [ -0.001342, -0.001926, -0.001902, ..., 0.000000, 0.000000, 0.000000 ]
    - Algebraic:
       - membrane/i_Stim = [ 0.000000, 0.000000, 0.000000, ..., 0.000000, 0.000000, 0.000000 ]
       - sodium_channel/sodium_channel_m_gate/alpha_m = [ 0.223564, 0.218621, 0.216816, ..., 0.223620, 0.223620, 0.223620 ]
       - sodium_channel/sodium_channel_h_gate/alpha_h = [ 0.070000, 0.071143, 0.071570, ..., 0.069987, 0.069987, 0.069987 ]
       - potassium_channel/potassium_channel_n_gate/alpha_n = [ 0.058198, 0.057109, 0.056710, ..., 0.058210, 0.058210, 0.058210 ]
       - sodium_channel/i_Na = [ 1.035000, 1.117444, 1.063039, ..., 1.221323, 1.221323, 1.221323 ]
       - sodium_channel/sodium_channel_m_gate/beta_m = [ 4.000000, 4.072613, 4.099809, ..., 3.999195, 3.999195, 3.999195 ]
       - sodium_channel/sodium_channel_h_gate/beta_h = [ 0.047426, 0.045984, 0.045461, ..., 0.047442, 0.047442, 0.047442 ]
       - potassium_channel/potassium_channel_n_gate/beta_n = [ 0.125000, 0.125507, 0.125695, ..., 0.124994, 0.124994, 0.124994 ]
       - potassium_channel/i_K = [ -4.819669, -4.590858, -4.435363, ..., -4.404137, -4.404137, -4.404137 ]
       - leakage_current/i_L = [ 3.183900, 3.281048, 3.316988, ..., 3.182814, 3.182814, 3.182814 ]
 - Euler (forward):
    - Constants:
       - membrane/E_R = [ 0.000000, 0.000000, 0.000000, ..., 0.000000, 0.000000, 0.000000 ]
       - membrane/Cm = [ 1.000000, 1.000000, 1.000000, ..., 1.000000, 1.000000, 1.000000 ]
       - sodium_channel/g_Na = [ 120.000000, 120.000000, 120.000000, ..., 120.000000, 120.000000, 120.000000 ]
       - potassium_channel/g_K = [ 36.000000, 36.000000, 36.000000, ..., 36.000000, 36.000000, 36.000000 ]
       - leakage_current/g_L = [ 0.300000, 0.300000, 0.300000, ..., 0.300000, 0.300000, 0.300000 ]
       - sodium_channel/E_Na = [ -115.000000, -115.000000, -115.000000, ..., -115.000000, -115.000000, -115.000000 ]
       - potassium_channel/E_K = [ 12.000000, 12.000000, 12.000000, ..., 12.000000, 12.000000, 12.000000 ]
       - leakage_current/E_L = [ -10.613000, -10.613000, -10.613000, ..., -10.613000, -10.613000, -10.613000 ]
    - States:
       - membrane/V = [ 0.000000, 0.324650, 0.444779, ..., -0.003621, -0.003621, -0.003621 ]
       - sodium_channel/sodium_channel_m_gate/m = [ 0.050000, 0.051235, 0.050337, ..., 0.052955, 0.052955, 0.052955 ]
       - sodium_channel/sodium_channel_h_gate/h = [ 0.600000, 0.600317, 0.601378, ..., 0.595994, 0.595994, 0.595994 ]
       - potassium_channel/potassium_channel_n_gate/n = [ 0.325000, 0.323276, 0.321328, ..., 0.317732, 0.317732, 0.317732 ]
    - Rates:
       - membrane/V/prime = [ 0.600769, 0.191968, 0.054902, ..., 0.000000, 0.000000, -0.000000 ]
       - sodium_channel/sodium_channel_m_gate/m/prime = [ 0.012386, -0.001261, -0.000499, ..., -0.000000, -0.000000, -0.000000 ]
       - sodium_channel/sodium_channel_h_gate/h/prime = [ -0.000456, 0.000833, 0.001194, ..., -0.000000, -0.000000, -0.000000 ]
       - potassium_channel/potassium_channel_n_gate/n/prime = [ -0.001342, -0.001929, -0.001905, ..., -0.000000, -0.000000, -0.000000 ]
    - Algebraic:
       - membrane/i_Stim = [ 0.000000, 0.000000, 0.000000, ..., 0.000000, 0.000000, 0.000000 ]
       - sodium_channel/sodium_channel_m_gate/alpha_m = [ 0.223564, 0.218608, 0.216799, ..., 0.223620, 0.223620, 0.223620 ]
       - sodium_channel/sodium_channel_h_gate/alpha_h = [ 0.070000, 0.071146, 0.071574, ..., 0.069987, 0.069987, 0.069987 ]
       - potassium_channel/potassium_channel_n_gate/alpha_n = [ 0.058198, 0.057106, 0.056706, ..., 0.058210, 0.058210, 0.058210 ]
       - sodium_channel/i_Na = [ 1.035000, 1.117325, 1.062579, ..., 1.221323, 1.221323, 1.221323 ]
       - sodium_channel/sodium_channel_m_gate/beta_m = [ 4.000000, 4.072799, 4.100071, ..., 3.999195, 3.999195, 3.999195 ]
       - sodium_channel/sodium_channel_h_gate/beta_h = [ 0.047426, 0.045981, 0.045456, ..., 0.047442, 0.047442, 0.047442 ]
       - potassium_channel/potassium_channel_n_gate/beta_n = [ 0.125000, 0.125508, 0.125697, ..., 0.124994, 0.124994, 0.124994 ]
       - potassium_channel/i_K = [ -4.819669, -4.590588, -4.434815, ..., -4.404137, -4.404137, -4.404137 ]
       - leakage_current/i_L = [ 3.183900, 3.281295, 3.317334, ..., 3.182814, 3.182814, 3.182814 ]
 - Heun:
    - Constants:
       - membrane/E_R = [ 0.000000, 0.000000, 0.000000, ..., 0.000000, 0.000000, 0.000000 ]
       - membrane/Cm = [ 1.000000, 1.000000, 1.000000, ..., 1.000000, 1.000000, 1.000000 ]
       - sodium_channel/g_Na = [ 120.000000, 120.000000, 120.000000, ..., 120.000000, 120.000000, 120.000000 ]
       - potassium_channel/g_K = [ 36.000000, 36.000000, 36.000000, ..., 36.000000, 36.000000, 36.000000 ]
       - leakage_current/g_L = [ 0.300000, 0.300000, 0.300000, ..., 0.300000, 0.300000, 0.300000 ]
       - sodium_channel/E_Na = [ -115.000000, -115.000000, -115.000000, ..., -115.000000, -115.000000, -115.000000 ]
       - potassium_channel/E_K = [ 12.000000, 12.000000, 12.000000, ..., 12.000000, 12.000000, 12.000000 ]
       - leakage_current/E_L = [ -10.613000, -10.613000, -10.613000, ..., -10.613000, -10.613000, -10.613000 ]
    - States:
       - membrane/V = [ 0.000000, 0.323826, 0.443626, ..., -0.003621, -0.003621, -0.003621 ]
       - sodium_channel/sodium_channel_m_gate/m = [ 0.050000, 0.051237, 0.050344, ..., 0.052955, 0.052955, 0.052955 ]
       - sodium_channel/sodium_channel_h_gate/h = [ 0.600000, 0.600320, 0.601379, ..., 0.595994, 0.595994, 0.595994 ]
       - potassium_channel/potassium_channel_n_gate/n = [ 0.325000, 0.323275, 0.321330, ..., 0.317732, 0.317732, 0.317732 ]
    - Rates:
       - membrane/V/prime = [ 0.600769, 0.192372, 0.055335, ..., -0.000000, -0.000000, -0.000000 ]
       - sodium_channel/sodium_channel_m_gate/m/prime = [ 0.012386, -0.001247, -0.000501, ..., -0.000000, -0.000000, -0.000000 ]
       - sodium_channel/sodium_channel_h_gate/h/prime = [ -0.000456, 0.000829, 0.001190, ..., -0.000000, -0.000000, -0.000000 ]
       - potassium_channel/potassium_channel_n_gate/n/prime = [ -0.001342, -0.001926, -0.001902, ..., -0.000000, -0.000000, -0.000000 ]
    - Algebraic:
       - membrane/i_Stim = [ 0.000000, 0.000000, 0.000000, ..., 0.000000, 0.000000, 0.000000 ]
       - sodium_channel/sodium_channel_m_gate/alpha_m = [ 0.223564, 0.218621, 0.216816, ..., 0.223620, 0.223620, 0.223620 ]
       - sodium_channel/sodium_channel_h_gate/alpha_h = [ 0.070000, 0.071143, 0.071570, ..., 0.069987, 0.069987, 0.069987 ]
       - potassium_channel/potassium_channel_n_gate/alpha_n = [ 0.058198, 0.057109, 0.056710, ..., 0.058210, 0.058210, 0.058210 ]
       - sodium_channel/i_Na = [ 1.035000, 1.117438, 1.063040, ..., 1.221323, 1.221323, 1.221323 ]
       - sodium_channel/sodium_channel_m_gate/beta_m = [ 4.000000, 4.072613, 4.099808, ..., 3.999195, 3.999195, 3.999195 ]
       - sodium_channel/sodium_channel_h_gate/beta_h = [ 0.047426, 0.045984, 0.045461, ..., 0.047442, 0.047442, 0.047442 ]
       - potassium_channel/potassium_channel_n_gate/beta_n = [ 0.125000, 0.125507, 0.125695, ..., 0.124994, 0.124994, 0.124994 ]
       - potassium_channel/i_K = [ -4.819669, -4.590858, -4.435363, ..., -4.404137, -4.404137, -4.404137 ]
       - leakage_current/i_L = [ 3.183900, 3.281048, 3.316988, ..., 3.182814, 3.182814, 3.182814 ]
 - Runge-Kutta (2nd order):
    - Constants:
       - membrane/E_R = [ 0.000000, 0.000000, 0.000000, ..., 0.000000, 0.000000, 0.000000 ]
       - membrane/Cm = [ 1.000000, 1.000000, 1.000000, ..., 1.000000, 1.000000, 1.000000 ]
       - sodium_channel/g_Na = [ 120.000000, 120.000000, 120.000000, ..., 120.000000, 120.000000, 120.000000 ]
       - potassium_channel/g_K = [ 36.000000, 36.000000, 36.000000, ..., 36.000000, 36.000000, 36.000000 ]
       - leakage_current/g_L = [ 0.300000, 0.300000, 0.300000, ..., 0.300000, 0.300000, 0.300000 ]
       - sodium_channel/E_Na = [ -115.000000, -115.000000, -115.000000, ..., -115.000000, -115.000000, -115.000000 ]
       - potassium_channel/E_K = [ 12.000000, 12.000000, 12.000000, ..., 12.000000, 12.000000, 12.000000 ]
       - leakage_current/E_L = [ -10.613000, -10.613000, -10.613000, ..., -10.613000, -10.613000, -10.613000 ]
    - States:
       - membrane/V = [ 0.000000, 0.323826, 0.443626, ..., -0.003621, -0.003621, -0.003621 ]
       - sodium_channel/sodium_channel_m_gate/m = [ 0.050000, 0.051237, 0.050344, ..., 0.052955, 0.052955, 0.052955 ]
       - sodium_channel/sodium_channel_h_gate/h = [ 0.600000, 0.600320, 0.601379, ..., 0.595994, 0.595994, 0.595994 ]
       - potassium_channel/potassium_channel_n_gate/n = [ 0.325000, 0.323275, 0.321330, ..., 0.317732, 0.317732, 0.317732 ]
    - Rates:
       - membrane/V/prime = [ 0.600769, 0.192372, 0.055335, ..., -0.000000, 0.000000, -0.000000 ]
       - sodium_channel/sodium_channel_m_gate/m/prime = [ 0.012386, -0.001247, -0.000501, ..., -0.000000, -0.000000, -0.000000 ]
       - sodium_channel/sodium_channel_h_gate/h/prime = [ -0.000456, 0.000829, 0.001190, ..., -0.000000, -0.000000, -0.000000 ]
       - potassium_channel/potassium_channel_n_gate/n/prime = [ -0.001342, -0.001926, -0.001902, ..., -0.000000, -0.000000, -0.000000 ]
    - Algebraic:
       - membrane/i_Stim = [ 0.000000, 0.000000, 0.000000, ..., 0.000000, 0.000000, 0.000000 ]
       - sodium_channel/sodium_channel_m_gate/alpha_m = [ 0.223564, 0.218621, 0.216816, ..., 0.223620, 0.223620, 0.223620 ]
       - sodium_channel/sodium_channel_h_gate/alpha_h = [ 0.070000, 0.071143, 0.071570, ..., 0.069987, 0.069987, 0.069987 ]
       - potassium_channel/potassium_channel_n_gate/alpha_n = [ 0.058198, 0.057109, 0.056710, ..., 0.058210, 0.058210, 0.058210 ]
       - sodium_channel/i_Na = [ 1.035000, 1.117438, 1.063040, ..., 1.221323, 1.221323, 1.221323 ]
       - sodium_channel/sodium_channel_m_gate/beta_m = [ 4.000000, 4.072613, 4.099808, ..., 3.999195, 3.999195, 3.999195 ]
       - sodium_channel/sodium_channel_h_gate/beta_h = [ 0.047426, 0.045984, 0.045461, ..., 0.047442, 0.047442, 0.047442 ]
       - potassium_channel/potassium_channel_n_gate/beta_n = [ 0.125000, 0.125507, 0.125695, ..., 0.124994, 0.124994, 0.124994 ]
       - potassium_channel/i_K = [ -4.819669, -4.590858, -4.435363, ..., -4.404137, -4.404137, -4.404137 ]
       - leakage_current/i_L = [ 3.183900, 3.281048, 3.316988, ..., 3.182814, 3.182814, 3.182814 ]
 - Runge-Kutta (4th order):
    - Constants:
       - membrane/E_R = [ 0.000000, 0.000000, 0.000000, ..., 0.000000, 0.000000, 0.000000 ]
       - membrane/Cm = [ 1.000000, 1.000000, 1.000000, ..., 1.000000, 1.000000, 1.000000 ]
       - sodium_channel/g_Na = [ 120.000000, 120.000000, 120.000000, ..., 120.000000, 120.000000, 120.000000 ]
       - potassium_channel/g_K = [ 36.000000, 36.000000, 36.000000, ..., 36.000000, 36.000000, 36.000000 ]
       - leakage_current/g_L = [ 0.300000, 0.300000, 0.300000, ..., 0.300000, 0.300000, 0.300000 ]
       - sodium_channel/E_Na = [ -115.000000, -115.000000, -115.000000, ..., -115.000000, -115.000000, -115.000000 ]
       - potassium_channel/E_K = [ 12.000000, 12.000000, 12.000000, ..., 12.000000, 12.000000, 12.000000 ]
       - leakage_current/E_L = [ -10.613000, -10.613000, -10.613000, ..., -10.613000, -10.613000, -10.613000 ]
    - States:
       - membrane/V = [ 0.000000, 0.323552, 0.443243, ..., -0.003621, -0.003621, -0.003621 ]
       - sodium_channel/sodium_channel_m_gate/m = [ 0.050000, 0.051237, 0.050347, ..., 0.052955, 0.052955, 0.052955 ]
       - sodium_channel/sodium_channel_h_gate/h = [ 0.600000, 0.600321, 0.601379, ..., 0.595994, 0.595994, 0.595994 ]
       - potassium_channel/potassium_channel_n_gate/n = [ 0.325000, 0.323275, 0.321331, ..., 0.317732, 0.317732, 0.317732 ]
    - Rates:
       - membrane/V/prime = [ 0.600769, 0.192508, 0.055480, ..., -0.000000, 0.000000, 0.000000 ]
       - sodium_channel/sodium_channel_m_gate/m/prime = [ 0.012386, -0.001243, -0.000502, ..., -0.000000, -0.000000, -0.000000 ]
       - sodium_channel/sodium_channel_h_gate/h/prime = [ -0.000456, 0.000828, 0.001188, ..., -0.000000, -0.000000, -0.000000 ]
       - potassium_channel/potassium_channel_n_gate/n/prime = [ -0.001342, -0.001926, -0.001901, ..., -0.000000, -0.000000, -0.000000 ]
    - Algebraic:
       - membrane/i_Stim = [ 0.000000, 0.000000, 0.000000, ..., 0.000000, 0.000000, 0.000000 ]
       - sodium_channel/sodium_channel_m_gate/alpha_m = [ 0.223564, 0.218625, 0.216822, ..., 0.223620, 0.223620, 0.223620 ]
       - sodium_channel/sodium_channel_h_gate/alpha_h = [ 0.070000, 0.071142, 0.071569, ..., 0.069987, 0.069987, 0.069987 ]
       - potassium_channel/potassium_channel_n_gate/alpha_n = [ 0.058198, 0.057110, 0.056711, ..., 0.058210, 0.058210, 0.058210 ]
       - sodium_channel/i_Na = [ 1.035000, 1.117476, 1.063193, ..., 1.221323, 1.221323, 1.221323 ]
       - sodium_channel/sodium_channel_m_gate/beta_m = [ 4.000000, 4.072550, 4.099721, ..., 3.999195, 3.999195, 3.999195 ]
       - sodium_channel/sodium_channel_h_gate/beta_h = [ 0.047426, 0.045985, 0.045463, ..., 0.047442, 0.047442, 0.047442 ]
       - potassium_channel/potassium_channel_n_gate/beta_n = [ 0.125000, 0.125507, 0.125694, ..., 0.124994, 0.124994, 0.124994 ]
       - potassium_channel/i_K = [ -4.819669, -4.590949, -4.435546, ..., -4.404137, -4.404137, -4.404137 ]
       - leakage_current/i_L = [ 3.183900, 3.280966, 3.316873, ..., 3.182814, 3.182814, 3.182814 ]
