[Error] [27:14] Expected apply inside MathML math element to be equate at least two expressions.
