[Warning] [28:18] MathML equals element has inconsistent units between the sides.
[Warning] [39:26] Expected all arguments to operator "minus" to have the same units.
[Warning] [44:34] Expected all arguments to operator "minus" to have the same units.
[Error] [47:38] Expected exponent to pow operator to be dimensionless.
