---------------------------------------
           Noble 1962 model
---------------------------------------
 - CVODE:
    - Constants:
       - membrane/Cm = [ 12.000000, 12.000000, 12.000000, ..., 12.000000, 12.000000, 12.000000 ]
       - sodium_channel/g_Na_max = [ 400.000000, 400.000000, 400.000000, ..., 400.000000, 400.000000, 400.000000 ]
       - sodium_channel/E_Na = [ 40.000000, 40.000000, 40.000000, ..., 40.000000, 40.000000, 40.000000 ]
       - leakage_current/g_L = [ 0.075000, 0.075000, 0.075000, ..., 0.075000, 0.075000, 0.075000 ]
       - leakage_current/E_L = [ -60.000000, -60.000000, -60.000000, ..., -60.000000, -60.000000, -60.000000 ]
    - States:
       - membrane/V = [ -87.000000, -86.513387, -86.040772, ..., -39.403953, -40.119538, -40.844744 ]
       - sodium_channel/sodium_channel_m_gate/m = [ 0.010000, 0.032757, 0.033658, ..., 0.344667, 0.334808, 0.325020 ]
       - sodium_channel/sodium_channel_h_gate/h = [ 0.800000, 0.818431, 0.833222, ..., 0.021249, 0.022568, 0.024011 ]
       - potassium_channel/potassium_channel_n_gate/n = [ 0.010000, 0.010075, 0.010154, ..., 0.697241, 0.696981, 0.696700 ]
    - Rates:
       - membrane/V/prime = [ 0.412426, 0.487328, 0.458425, ..., -0.710415, -0.720579, -0.729640 ]
       - sodium_channel/sodium_channel_m_gate/m/prime = [ 0.214979, 0.000929, 0.000884, ..., -0.009887, -0.009827, -0.009745 ]
       - sodium_channel/sodium_channel_h_gate/h/prime = [ 0.020475, 0.016493, 0.013195, ..., 0.001261, 0.001379, 0.001509 ]
       - potassium_channel/potassium_channel_n_gate/n/prime = [ 0.000074, 0.000077, 0.000080, ..., -0.000250, -0.000270, -0.000291 ]
    - Algebraic:
       - sodium_channel/g_Na = [ 0.000320, 0.011507, 0.012709, ..., 0.348021, 0.338804, 0.329767 ]
       - sodium_channel/sodium_channel_m_gate/alpha_m = [ 0.312908, 0.320039, 0.327100, ..., 1.970631, 1.928366, 1.886099 ]
       - sodium_channel/sodium_channel_h_gate/alpha_h = [ 0.146320, 0.142803, 0.139468, ..., 0.013545, 0.014038, 0.014556 ]
       - potassium_channel/potassium_channel_n_gate/alpha_n = [ 0.000094, 0.000097, 0.000101, ..., 0.001622, 0.001574, 0.001527 ]
       - sodium_channel/i_Na = [ -17.820640, -19.167678, -19.247513, ..., -38.750773, -38.361543, -37.978177 ]
       - sodium_channel/sodium_channel_m_gate/beta_m = [ 9.480001, 9.421608, 9.364894, ..., 3.775542, 3.860608, 3.946908 ]
       - sodium_channel/sodium_channel_h_gate/beta_h = [ 0.010987, 0.011528, 0.012080, ..., 0.564539, 0.546874, 0.528849 ]
       - potassium_channel/potassium_channel_n_gate/beta_n = [ 0.001926, 0.001915, 0.001903, ..., 0.001063, 0.001072, 0.001082 ]
       - potassium_channel/g_K1 = [ 1.145887, 1.135070, 1.124666, ..., 0.471083, 0.476958, 0.483009 ]
       - potassium_channel/g_K2 = [ 0.000000, 0.000000, 0.000000, ..., 0.283604, 0.283181, 0.282725 ]
       - potassium_channel/i_K = [ 14.896525, 15.308245, 15.699476, ..., 45.731045, 45.517459, 45.297212 ]
       - leakage_current/i_Leak = [ -2.025000, -1.988504, -1.953058, ..., 1.544704, 1.491035, 1.436644 ]
 - Euler (forward):
    - Constants:
       - membrane/Cm = [ 12.000000, 12.000000, 12.000000, ..., 12.000000, 12.000000, 12.000000 ]
       - sodium_channel/g_Na_max = [ 400.000000, 400.000000, 400.000000, ..., 400.000000, 400.000000, 400.000000 ]
       - sodium_channel/E_Na = [ 40.000000, 40.000000, 40.000000, ..., 40.000000, 40.000000, 40.000000 ]
       - leakage_current/g_L = [ 0.075000, 0.075000, 0.075000, ..., 0.075000, 0.075000, 0.075000 ]
       - leakage_current/E_L = [ -60.000000, -60.000000, -60.000000, ..., -60.000000, -60.000000, -60.000000 ]
    - States:
       - membrane/V = [ -87.000000, -86.512953, -86.040221, ..., -39.298068, -40.012205, -40.736141 ]
       - sodium_channel/sodium_channel_m_gate/m = [ 0.010000, 0.032759, 0.033659, ..., 0.346143, 0.336274, 0.326473 ]
       - sodium_channel/sodium_channel_h_gate/h = [ 0.800000, 0.818449, 0.833252, ..., 0.021062, 0.022363, 0.023787 ]
       - potassium_channel/potassium_channel_n_gate/n = [ 0.010000, 0.010075, 0.010154, ..., 0.697281, 0.697024, 0.696747 ]
    - Rates:
       - membrane/V/prime = [ 0.412426, 0.487307, 0.458394, ..., -0.708932, -0.719268, -0.728508 ]
       - sodium_channel/sodium_channel_m_gate/m/prime = [ 0.214979, 0.000923, 0.000884, ..., -0.009895, -0.009839, -0.009759 ]
       - sodium_channel/sodium_channel_h_gate/h/prime = [ 0.020475, 0.016490, 0.013189, ..., 0.001245, 0.001361, 0.001489 ]
       - potassium_channel/potassium_channel_n_gate/n/prime = [ 0.000074, 0.000077, 0.000080, ..., -0.000247, -0.000267, -0.000288 ]
    - Algebraic:
       - sodium_channel/g_Na = [ 0.000320, 0.011509, 0.012710, ..., 0.349396, 0.340151, 0.331084 ]
       - sodium_channel/sodium_channel_m_gate/alpha_m = [ 0.312908, 0.320045, 0.327108, ..., 1.976931, 1.934670, 1.892392 ]
       - sodium_channel/sodium_channel_h_gate/alpha_h = [ 0.146320, 0.142800, 0.139464, ..., 0.013473, 0.013963, 0.014478 ]
       - potassium_channel/potassium_channel_n_gate/alpha_n = [ 0.000094, 0.000097, 0.000101, ..., 0.001629, 0.001581, 0.001534 ]
       - sodium_channel/i_Na = [ -17.820640, -19.167827, -19.247637, ..., -38.808160, -38.417967, -38.033515 ]
       - sodium_channel/sodium_channel_m_gate/beta_m = [ 9.480001, 9.421556, 9.364828, ..., 3.762963, 3.847842, 3.933979 ]
       - sodium_channel/sodium_channel_h_gate/beta_h = [ 0.010987, 0.011529, 0.012080, ..., 0.567140, 0.549532, 0.531554 ]
       - potassium_channel/potassium_channel_n_gate/beta_n = [ 0.001926, 0.001915, 0.001903, ..., 0.001061, 0.001071, 0.001080 ]
       - potassium_channel/g_K1 = [ 1.145887, 1.135060, 1.124654, ..., 0.470222, 0.476071, 0.482097 ]
       - potassium_channel/g_K2 = [ 0.000000, 0.000000, 0.000000, ..., 0.283670, 0.283252, 0.282802 ]
       - potassium_channel/i_K = [ 14.896525, 15.308609, 15.699927, ..., 45.762699, 45.550100, 45.330816 ]
       - leakage_current/i_Leak = [ -2.025000, -1.988471, -1.953017, ..., 1.552645, 1.499085, 1.444789 ]
 - Heun:
    - Constants:
       - membrane/Cm = [ 12.000000, 12.000000, 12.000000, ..., 12.000000, 12.000000, 12.000000 ]
       - sodium_channel/g_Na_max = [ 400.000000, 400.000000, 400.000000, ..., 400.000000, 400.000000, 400.000000 ]
       - sodium_channel/E_Na = [ 40.000000, 40.000000, 40.000000, ..., 40.000000, 40.000000, 40.000000 ]
       - leakage_current/g_L = [ 0.075000, 0.075000, 0.075000, ..., 0.075000, 0.075000, 0.075000 ]
       - leakage_current/E_L = [ -60.000000, -60.000000, -60.000000, ..., -60.000000, -60.000000, -60.000000 ]
    - States:
       - membrane/V = [ -87.000000, -86.513390, -86.040775, ..., -39.404292, -40.119870, -40.845067 ]
       - sodium_channel/sodium_channel_m_gate/m = [ 0.010000, 0.032757, 0.033658, ..., 0.344663, 0.334803, 0.325016 ]
       - sodium_channel/sodium_channel_h_gate/h = [ 0.800000, 0.818431, 0.833222, ..., 0.021250, 0.022569, 0.024012 ]
       - potassium_channel/potassium_channel_n_gate/n = [ 0.010000, 0.010075, 0.010154, ..., 0.697240, 0.696980, 0.696699 ]
    - Rates:
       - membrane/V/prime = [ 0.412426, 0.487329, 0.458425, ..., -0.710405, -0.720572, -0.729634 ]
       - sodium_channel/sodium_channel_m_gate/m/prime = [ 0.214979, 0.000928, 0.000884, ..., -0.009887, -0.009827, -0.009744 ]
       - sodium_channel/sodium_channel_h_gate/h/prime = [ 0.020475, 0.016493, 0.013195, ..., 0.001261, 0.001379, 0.001509 ]
       - potassium_channel/potassium_channel_n_gate/n/prime = [ 0.000074, 0.000077, 0.000080, ..., -0.000250, -0.000270, -0.000291 ]
    - Algebraic:
       - sodium_channel/g_Na = [ 0.000320, 0.011507, 0.012709, ..., 0.348018, 0.338801, 0.329763 ]
       - sodium_channel/sodium_channel_m_gate/alpha_m = [ 0.312908, 0.320039, 0.327100, ..., 1.970610, 1.928347, 1.886080 ]
       - sodium_channel/sodium_channel_h_gate/alpha_h = [ 0.146320, 0.142803, 0.139468, ..., 0.013545, 0.014038, 0.014557 ]
       - potassium_channel/potassium_channel_n_gate/alpha_n = [ 0.000094, 0.000097, 0.000101, ..., 0.001622, 0.001574, 0.001527 ]
       - sodium_channel/i_Na = [ -17.820640, -19.167685, -19.247514, ..., -38.750694, -38.361440, -37.978060 ]
       - sodium_channel/sodium_channel_m_gate/beta_m = [ 9.480001, 9.421608, 9.364895, ..., 3.775582, 3.860647, 3.946946 ]
       - sodium_channel/sodium_channel_h_gate/beta_h = [ 0.010987, 0.011528, 0.012080, ..., 0.564531, 0.546865, 0.528841 ]
       - potassium_channel/potassium_channel_n_gate/beta_n = [ 0.001926, 0.001915, 0.001903, ..., 0.001063, 0.001072, 0.001082 ]
       - potassium_channel/g_K1 = [ 1.145887, 1.135070, 1.124667, ..., 0.471086, 0.476961, 0.483012 ]
       - potassium_channel/g_K2 = [ 0.000000, 0.000000, 0.000000, ..., 0.283602, 0.283179, 0.282724 ]
       - potassium_channel/i_K = [ 14.896525, 15.308243, 15.699474, ..., 45.730875, 45.517290, 45.297045 ]
       - leakage_current/i_Leak = [ -2.025000, -1.988504, -1.953058, ..., 1.544678, 1.491010, 1.436620 ]
 - Runge-Kutta (2nd order):
    - Constants:
       - membrane/Cm = [ 12.000000, 12.000000, 12.000000, ..., 12.000000, 12.000000, 12.000000 ]
       - sodium_channel/g_Na_max = [ 400.000000, 400.000000, 400.000000, ..., 400.000000, 400.000000, 400.000000 ]
       - sodium_channel/E_Na = [ 40.000000, 40.000000, 40.000000, ..., 40.000000, 40.000000, 40.000000 ]
       - leakage_current/g_L = [ 0.075000, 0.075000, 0.075000, ..., 0.075000, 0.075000, 0.075000 ]
       - leakage_current/E_L = [ -60.000000, -60.000000, -60.000000, ..., -60.000000, -60.000000, -60.000000 ]
    - States:
       - membrane/V = [ -87.000000, -86.513401, -86.040785, ..., -39.404278, -40.119857, -40.845054 ]
       - sodium_channel/sodium_channel_m_gate/m = [ 0.010000, 0.032757, 0.033658, ..., 0.344663, 0.334803, 0.325016 ]
       - sodium_channel/sodium_channel_h_gate/h = [ 0.800000, 0.818431, 0.833222, ..., 0.021250, 0.022569, 0.024012 ]
       - potassium_channel/potassium_channel_n_gate/n = [ 0.010000, 0.010075, 0.010154, ..., 0.697240, 0.696980, 0.696699 ]
    - Rates:
       - membrane/V/prime = [ 0.412426, 0.487330, 0.458425, ..., -0.710405, -0.720572, -0.729634 ]
       - sodium_channel/sodium_channel_m_gate/m/prime = [ 0.214979, 0.000928, 0.000884, ..., -0.009887, -0.009827, -0.009744 ]
       - sodium_channel/sodium_channel_h_gate/h/prime = [ 0.020475, 0.016493, 0.013195, ..., 0.001261, 0.001379, 0.001509 ]
       - potassium_channel/potassium_channel_n_gate/n/prime = [ 0.000074, 0.000077, 0.000080, ..., -0.000250, -0.000270, -0.000291 ]
    - Algebraic:
       - sodium_channel/g_Na = [ 0.000320, 0.011507, 0.012709, ..., 0.348018, 0.338801, 0.329764 ]
       - sodium_channel/sodium_channel_m_gate/alpha_m = [ 0.312908, 0.320039, 0.327100, ..., 1.970611, 1.928348, 1.886081 ]
       - sodium_channel/sodium_channel_h_gate/alpha_h = [ 0.146320, 0.142803, 0.139468, ..., 0.013545, 0.014038, 0.014557 ]
       - potassium_channel/potassium_channel_n_gate/alpha_n = [ 0.000094, 0.000097, 0.000101, ..., 0.001622, 0.001574, 0.001527 ]
       - sodium_channel/i_Na = [ -17.820640, -19.167683, -19.247512, ..., -38.750700, -38.361445, -37.978065 ]
       - sodium_channel/sodium_channel_m_gate/beta_m = [ 9.480001, 9.421610, 9.364896, ..., 3.775581, 3.860646, 3.946945 ]
       - sodium_channel/sodium_channel_h_gate/beta_h = [ 0.010987, 0.011528, 0.012080, ..., 0.564531, 0.546866, 0.528842 ]
       - potassium_channel/potassium_channel_n_gate/beta_n = [ 0.001926, 0.001915, 0.001903, ..., 0.001063, 0.001072, 0.001082 ]
       - potassium_channel/g_K1 = [ 1.145887, 1.135070, 1.124667, ..., 0.471086, 0.476961, 0.483012 ]
       - potassium_channel/g_K2 = [ 0.000000, 0.000000, 0.000000, ..., 0.283602, 0.283179, 0.282724 ]
       - potassium_channel/i_K = [ 14.896525, 15.308234, 15.699465, ..., 45.730879, 45.517295, 45.297049 ]
       - leakage_current/i_Leak = [ -2.025000, -1.988505, -1.953059, ..., 1.544679, 1.491011, 1.436621 ]
 - Runge-Kutta (4th order):
    - Constants:
       - membrane/Cm = [ 12.000000, 12.000000, 12.000000, ..., 12.000000, 12.000000, 12.000000 ]
       - sodium_channel/g_Na_max = [ 400.000000, 400.000000, 400.000000, ..., 400.000000, 400.000000, 400.000000 ]
       - sodium_channel/E_Na = [ 40.000000, 40.000000, 40.000000, ..., 40.000000, 40.000000, 40.000000 ]
       - leakage_current/g_L = [ 0.075000, 0.075000, 0.075000, ..., 0.075000, 0.075000, 0.075000 ]
       - leakage_current/E_L = [ -60.000000, -60.000000, -60.000000, ..., -60.000000, -60.000000, -60.000000 ]
    - States:
       - membrane/V = [ -87.000000, -86.513522, -86.040946, ..., -39.439876, -40.155930, -40.881543 ]
       - sodium_channel/sodium_channel_m_gate/m = [ 0.010000, 0.032757, 0.033658, ..., 0.344168, 0.334312, 0.324529 ]
       - sodium_channel/sodium_channel_h_gate/h = [ 0.800000, 0.818425, 0.833212, ..., 0.021314, 0.022639, 0.024088 ]
       - potassium_channel/potassium_channel_n_gate/n = [ 0.010000, 0.010075, 0.010154, ..., 0.697226, 0.696965, 0.696683 ]
    - Rates:
       - membrane/V/prime = [ 0.412426, 0.487335, 0.458434, ..., -0.710892, -0.721002, -0.730004 ]
       - sodium_channel/sodium_channel_m_gate/m/prime = [ 0.214979, 0.000930, 0.000884, ..., -0.009885, -0.009823, -0.009739 ]
       - sodium_channel/sodium_channel_h_gate/h/prime = [ 0.020475, 0.016495, 0.013197, ..., 0.001266, 0.001385, 0.001515 ]
       - potassium_channel/potassium_channel_n_gate/n/prime = [ 0.000074, 0.000077, 0.000080, ..., -0.000251, -0.000271, -0.000292 ]
    - Algebraic:
       - sodium_channel/g_Na = [ 0.000320, 0.011507, 0.012708, ..., 0.347557, 0.338350, 0.329323 ]
       - sodium_channel/sodium_channel_m_gate/alpha_m = [ 0.312908, 0.320037, 0.327097, ..., 1.968496, 1.926232, 1.883969 ]
       - sodium_channel/sodium_channel_h_gate/alpha_h = [ 0.146320, 0.142804, 0.139469, ..., 0.013569, 0.014064, 0.014583 ]
       - potassium_channel/potassium_channel_n_gate/alpha_n = [ 0.000094, 0.000097, 0.000101, ..., 0.001619, 0.001572, 0.001524 ]
       - sodium_channel/i_Na = [ -17.820640, -19.167634, -19.247474, ..., -38.731501, -38.342566, -37.959548 ]
       - sodium_channel/sodium_channel_m_gate/beta_m = [ 9.480001, 9.421624, 9.364915, ..., 3.779810, 3.864936, 3.951289 ]
       - sodium_channel/sodium_channel_h_gate/beta_h = [ 0.010987, 0.011528, 0.012079, ..., 0.563656, 0.545972, 0.527932 ]
       - potassium_channel/potassium_channel_n_gate/beta_n = [ 0.001926, 0.001915, 0.001903, ..., 0.001063, 0.001073, 0.001082 ]
       - potassium_channel/g_K1 = [ 1.145887, 1.135073, 1.124670, ..., 0.471376, 0.477259, 0.483319 ]
       - potassium_channel/g_K2 = [ 0.000000, 0.000000, 0.000000, ..., 0.283580, 0.283155, 0.282698 ]
       - potassium_channel/i_K = [ 14.896525, 15.308133, 15.699334, ..., 45.720197, 45.506283, 45.285716 ]
       - leakage_current/i_Leak = [ -2.025000, -1.988514, -1.953071, ..., 1.542009, 1.488305, 1.433884 ]
